
*** Running vivado
    with args -log blocking.vds -m64 -product Vivado -mode batch -messageDb vivado.pb -notrace -source blocking.tcl



****** Vivado v2025.2 (64-bit)
  **** SW Build 6299465 on Fri Nov 14 19:35:11 GMT 2025
  **** IP Build 6300035 on Fri Nov 14 10:48:45 MST 2025
  **** SharedData Build 6298862 on Thu Nov 13 04:50:51 MST 2025
  **** Start of session at: Tue Aug 18 08:03:16 2026
    ** Copyright 1986-2022 Xilinx, Inc. All Rights Reserved.
    ** Copyright 2022-2025 Advanced Micro Devices, Inc. All Rights Reserved.

source blocking.tcl -notrace
create_project: Time (s): cpu = 00:00:14 ; elapsed = 00:00:10 . Memory (MB): peak = 661.977 ; gain = 219.918
Command: synth_design -top blocking -part xczu3eg-sfvc784-2-e -incremental_mode off
Starting synth_design
Attempting to get a license for feature 'Synthesis' and/or device 'xczu3eg'
INFO: [Common 17-349] Got license for feature 'Synthesis' and/or device 'xczu3eg'
INFO: [Device 21-403] Loading part xczu3eg-sfvc784-2-e
INFO: [Synth 8-7079] Multithreading enabled for synth_design using a maximum of 2 processes.
INFO: [Synth 8-7078] Launching helper process for spawning children vivado processes
INFO: [Synth 8-7075] Helper process launched with PID 34452
---------------------------------------------------------------------------------
Starting RTL Elaboration : Time (s): cpu = 00:00:05 ; elapsed = 00:00:07 . Memory (MB): peak = 1876.426 ; gain = 207.301
---------------------------------------------------------------------------------
INFO: [Synth 8-6157] synthesizing module 'blocking' [D:/newSPACE/git/The-FPGA-Programming-Handbook-Third-Edition/CH06/SystemVerilog/blocking/hdl/blocking.sv:9]
INFO: [Synth 8-6155] done synthesizing module 'blocking' (0#1) [D:/newSPACE/git/The-FPGA-Programming-Handbook-Third-Edition/CH06/SystemVerilog/blocking/hdl/blocking.sv:9]
---------------------------------------------------------------------------------
Finished RTL Elaboration : Time (s): cpu = 00:00:07 ; elapsed = 00:00:08 . Memory (MB): peak = 1993.773 ; gain = 324.648
---------------------------------------------------------------------------------
---------------------------------------------------------------------------------
Start Handling Custom Attributes
---------------------------------------------------------------------------------
---------------------------------------------------------------------------------
Finished Handling Custom Attributes : Time (s): cpu = 00:00:07 ; elapsed = 00:00:08 . Memory (MB): peak = 1993.773 ; gain = 324.648
---------------------------------------------------------------------------------
---------------------------------------------------------------------------------
Finished RTL Optimization Phase 1 : Time (s): cpu = 00:00:07 ; elapsed = 00:00:08 . Memory (MB): peak = 1993.773 ; gain = 324.648
---------------------------------------------------------------------------------
Netlist sorting complete. Time (s): cpu = 00:00:00 ; elapsed = 00:00:00 . Memory (MB): peak = 1993.773 ; gain = 0.000
INFO: [Project 1-570] Preparing netlist for logic optimization

Processing XDC Constraints
Initializing timing engine
Parsing XDC File [D:/newSPACE/git/The-FPGA-Programming-Handbook-Third-Edition/xdc/zu3.xdc]
WARNING: [Vivado 12-584] No ports matched 'PL_USER_LED[0]'. [D:/newSPACE/git/The-FPGA-Programming-Handbook-Third-Edition/xdc/zu3.xdc:3]
CRITICAL WARNING: [Common 17-55] 'set_property' expects at least one object. [D:/newSPACE/git/The-FPGA-Programming-Handbook-Third-Edition/xdc/zu3.xdc:3]
Resolution: If [get_<value>] was used to populate the object, check to make sure this command returns at least one valid object.
WARNING: [Vivado 12-584] No ports matched 'PL_USER_LED[1]'. [D:/newSPACE/git/The-FPGA-Programming-Handbook-Third-Edition/xdc/zu3.xdc:4]
CRITICAL WARNING: [Common 17-55] 'set_property' expects at least one object. [D:/newSPACE/git/The-FPGA-Programming-Handbook-Third-Edition/xdc/zu3.xdc:4]
Resolution: If [get_<value>] was used to populate the object, check to make sure this command returns at least one valid object.
WARNING: [Vivado 12-584] No ports matched 'PL_USER_LED[2]'. [D:/newSPACE/git/The-FPGA-Programming-Handbook-Third-Edition/xdc/zu3.xdc:5]
CRITICAL WARNING: [Common 17-55] 'set_property' expects at least one object. [D:/newSPACE/git/The-FPGA-Programming-Handbook-Third-Edition/xdc/zu3.xdc:5]
Resolution: If [get_<value>] was used to populate the object, check to make sure this command returns at least one valid object.
WARNING: [Vivado 12-584] No ports matched 'PL_USER_LED[3]'. [D:/newSPACE/git/The-FPGA-Programming-Handbook-Third-Edition/xdc/zu3.xdc:6]
CRITICAL WARNING: [Common 17-55] 'set_property' expects at least one object. [D:/newSPACE/git/The-FPGA-Programming-Handbook-Third-Edition/xdc/zu3.xdc:6]
Resolution: If [get_<value>] was used to populate the object, check to make sure this command returns at least one valid object.
WARNING: [Vivado 12-584] No ports matched 'PL_USER_LED[4]'. [D:/newSPACE/git/The-FPGA-Programming-Handbook-Third-Edition/xdc/zu3.xdc:7]
CRITICAL WARNING: [Common 17-55] 'set_property' expects at least one object. [D:/newSPACE/git/The-FPGA-Programming-Handbook-Third-Edition/xdc/zu3.xdc:7]
Resolution: If [get_<value>] was used to populate the object, check to make sure this command returns at least one valid object.
WARNING: [Vivado 12-584] No ports matched 'PL_USER_LED[5]'. [D:/newSPACE/git/The-FPGA-Programming-Handbook-Third-Edition/xdc/zu3.xdc:8]
CRITICAL WARNING: [Common 17-55] 'set_property' expects at least one object. [D:/newSPACE/git/The-FPGA-Programming-Handbook-Third-Edition/xdc/zu3.xdc:8]
Resolution: If [get_<value>] was used to populate the object, check to make sure this command returns at least one valid object.
WARNING: [Vivado 12-584] No ports matched 'PL_USER_LED[6]'. [D:/newSPACE/git/The-FPGA-Programming-Handbook-Third-Edition/xdc/zu3.xdc:9]
CRITICAL WARNING: [Common 17-55] 'set_property' expects at least one object. [D:/newSPACE/git/The-FPGA-Programming-Handbook-Third-Edition/xdc/zu3.xdc:9]
Resolution: If [get_<value>] was used to populate the object, check to make sure this command returns at least one valid object.
WARNING: [Vivado 12-584] No ports matched 'PL_USER_LED[7]'. [D:/newSPACE/git/The-FPGA-Programming-Handbook-Third-Edition/xdc/zu3.xdc:10]
CRITICAL WARNING: [Common 17-55] 'set_property' expects at least one object. [D:/newSPACE/git/The-FPGA-Programming-Handbook-Third-Edition/xdc/zu3.xdc:10]
Resolution: If [get_<value>] was used to populate the object, check to make sure this command returns at least one valid object.
WARNING: [Vivado 12-584] No ports matched 'PL_USER_LED*'. [D:/newSPACE/git/The-FPGA-Programming-Handbook-Third-Edition/xdc/zu3.xdc:11]
CRITICAL WARNING: [Common 17-55] 'set_property' expects at least one object. [D:/newSPACE/git/The-FPGA-Programming-Handbook-Third-Edition/xdc/zu3.xdc:11]
Resolution: If [get_<value>] was used to populate the object, check to make sure this command returns at least one valid object.
WARNING: [Vivado 12-584] No ports matched 'PL_LEDRGB0[0]'. [D:/newSPACE/git/The-FPGA-Programming-Handbook-Third-Edition/xdc/zu3.xdc:15]
CRITICAL WARNING: [Common 17-55] 'set_property' expects at least one object. [D:/newSPACE/git/The-FPGA-Programming-Handbook-Third-Edition/xdc/zu3.xdc:15]
Resolution: If [get_<value>] was used to populate the object, check to make sure this command returns at least one valid object.
WARNING: [Vivado 12-584] No ports matched 'PL_LEDRGB0[1]'. [D:/newSPACE/git/The-FPGA-Programming-Handbook-Third-Edition/xdc/zu3.xdc:16]
CRITICAL WARNING: [Common 17-55] 'set_property' expects at least one object. [D:/newSPACE/git/The-FPGA-Programming-Handbook-Third-Edition/xdc/zu3.xdc:16]
Resolution: If [get_<value>] was used to populate the object, check to make sure this command returns at least one valid object.
WARNING: [Vivado 12-584] No ports matched 'PL_LEDRGB0[2]'. [D:/newSPACE/git/The-FPGA-Programming-Handbook-Third-Edition/xdc/zu3.xdc:17]
CRITICAL WARNING: [Common 17-55] 'set_property' expects at least one object. [D:/newSPACE/git/The-FPGA-Programming-Handbook-Third-Edition/xdc/zu3.xdc:17]
Resolution: If [get_<value>] was used to populate the object, check to make sure this command returns at least one valid object.
WARNING: [Vivado 12-584] No ports matched 'PL_LEDRGB1[0]'. [D:/newSPACE/git/The-FPGA-Programming-Handbook-Third-Edition/xdc/zu3.xdc:19]
CRITICAL WARNING: [Common 17-55] 'set_property' expects at least one object. [D:/newSPACE/git/The-FPGA-Programming-Handbook-Third-Edition/xdc/zu3.xdc:19]
Resolution: If [get_<value>] was used to populate the object, check to make sure this command returns at least one valid object.
WARNING: [Vivado 12-584] No ports matched 'PL_LEDRGB1[1]'. [D:/newSPACE/git/The-FPGA-Programming-Handbook-Third-Edition/xdc/zu3.xdc:20]
CRITICAL WARNING: [Common 17-55] 'set_property' expects at least one object. [D:/newSPACE/git/The-FPGA-Programming-Handbook-Third-Edition/xdc/zu3.xdc:20]
Resolution: If [get_<value>] was used to populate the object, check to make sure this command returns at least one valid object.
WARNING: [Vivado 12-584] No ports matched 'PL_LEDRGB1[2]'. [D:/newSPACE/git/The-FPGA-Programming-Handbook-Third-Edition/xdc/zu3.xdc:21]
CRITICAL WARNING: [Common 17-55] 'set_property' expects at least one object. [D:/newSPACE/git/The-FPGA-Programming-Handbook-Third-Edition/xdc/zu3.xdc:21]
Resolution: If [get_<value>] was used to populate the object, check to make sure this command returns at least one valid object.
WARNING: [Vivado 12-584] No ports matched 'PL_LEDRGB2[0]'. [D:/newSPACE/git/The-FPGA-Programming-Handbook-Third-Edition/xdc/zu3.xdc:23]
CRITICAL WARNING: [Common 17-55] 'set_property' expects at least one object. [D:/newSPACE/git/The-FPGA-Programming-Handbook-Third-Edition/xdc/zu3.xdc:23]
Resolution: If [get_<value>] was used to populate the object, check to make sure this command returns at least one valid object.
WARNING: [Vivado 12-584] No ports matched 'PL_LEDRGB2[1]'. [D:/newSPACE/git/The-FPGA-Programming-Handbook-Third-Edition/xdc/zu3.xdc:24]
CRITICAL WARNING: [Common 17-55] 'set_property' expects at least one object. [D:/newSPACE/git/The-FPGA-Programming-Handbook-Third-Edition/xdc/zu3.xdc:24]
Resolution: If [get_<value>] was used to populate the object, check to make sure this command returns at least one valid object.
WARNING: [Vivado 12-584] No ports matched 'PL_LEDRGB2[2]'. [D:/newSPACE/git/The-FPGA-Programming-Handbook-Third-Edition/xdc/zu3.xdc:25]
CRITICAL WARNING: [Common 17-55] 'set_property' expects at least one object. [D:/newSPACE/git/The-FPGA-Programming-Handbook-Third-Edition/xdc/zu3.xdc:25]
Resolution: If [get_<value>] was used to populate the object, check to make sure this command returns at least one valid object.
WARNING: [Vivado 12-584] No ports matched 'PL_LEDRGB3[0]'. [D:/newSPACE/git/The-FPGA-Programming-Handbook-Third-Edition/xdc/zu3.xdc:27]
CRITICAL WARNING: [Common 17-55] 'set_property' expects at least one object. [D:/newSPACE/git/The-FPGA-Programming-Handbook-Third-Edition/xdc/zu3.xdc:27]
Resolution: If [get_<value>] was used to populate the object, check to make sure this command returns at least one valid object.
WARNING: [Vivado 12-584] No ports matched 'PL_LEDRGB3[1]'. [D:/newSPACE/git/The-FPGA-Programming-Handbook-Third-Edition/xdc/zu3.xdc:28]
CRITICAL WARNING: [Common 17-55] 'set_property' expects at least one object. [D:/newSPACE/git/The-FPGA-Programming-Handbook-Third-Edition/xdc/zu3.xdc:28]
Resolution: If [get_<value>] was used to populate the object, check to make sure this command returns at least one valid object.
WARNING: [Vivado 12-584] No ports matched 'PL_LEDRGB3[2]'. [D:/newSPACE/git/The-FPGA-Programming-Handbook-Third-Edition/xdc/zu3.xdc:29]
CRITICAL WARNING: [Common 17-55] 'set_property' expects at least one object. [D:/newSPACE/git/The-FPGA-Programming-Handbook-Third-Edition/xdc/zu3.xdc:29]
Resolution: If [get_<value>] was used to populate the object, check to make sure this command returns at least one valid object.
WARNING: [Vivado 12-584] No ports matched 'PL_LEDRGB*'. [D:/newSPACE/git/The-FPGA-Programming-Handbook-Third-Edition/xdc/zu3.xdc:30]
CRITICAL WARNING: [Common 17-55] 'set_property' expects at least one object. [D:/newSPACE/git/The-FPGA-Programming-Handbook-Third-Edition/xdc/zu3.xdc:30]
Resolution: If [get_<value>] was used to populate the object, check to make sure this command returns at least one valid object.
WARNING: [Vivado 12-584] No ports matched 'PL_USER_PB[0]'. [D:/newSPACE/git/The-FPGA-Programming-Handbook-Third-Edition/xdc/zu3.xdc:34]
CRITICAL WARNING: [Common 17-55] 'set_property' expects at least one object. [D:/newSPACE/git/The-FPGA-Programming-Handbook-Third-Edition/xdc/zu3.xdc:34]
Resolution: If [get_<value>] was used to populate the object, check to make sure this command returns at least one valid object.
WARNING: [Vivado 12-584] No ports matched 'PL_USER_PB[1]'. [D:/newSPACE/git/The-FPGA-Programming-Handbook-Third-Edition/xdc/zu3.xdc:35]
CRITICAL WARNING: [Common 17-55] 'set_property' expects at least one object. [D:/newSPACE/git/The-FPGA-Programming-Handbook-Third-Edition/xdc/zu3.xdc:35]
Resolution: If [get_<value>] was used to populate the object, check to make sure this command returns at least one valid object.
WARNING: [Vivado 12-584] No ports matched 'PL_USER_PB[2]'. [D:/newSPACE/git/The-FPGA-Programming-Handbook-Third-Edition/xdc/zu3.xdc:36]
CRITICAL WARNING: [Common 17-55] 'set_property' expects at least one object. [D:/newSPACE/git/The-FPGA-Programming-Handbook-Third-Edition/xdc/zu3.xdc:36]
Resolution: If [get_<value>] was used to populate the object, check to make sure this command returns at least one valid object.
WARNING: [Vivado 12-584] No ports matched 'PL_USER_PB[3]'. [D:/newSPACE/git/The-FPGA-Programming-Handbook-Third-Edition/xdc/zu3.xdc:37]
CRITICAL WARNING: [Common 17-55] 'set_property' expects at least one object. [D:/newSPACE/git/The-FPGA-Programming-Handbook-Third-Edition/xdc/zu3.xdc:37]
Resolution: If [get_<value>] was used to populate the object, check to make sure this command returns at least one valid object.
WARNING: [Vivado 12-584] No ports matched 'PL_USER_PB*'. [D:/newSPACE/git/The-FPGA-Programming-Handbook-Third-Edition/xdc/zu3.xdc:38]
CRITICAL WARNING: [Common 17-55] 'set_property' expects at least one object. [D:/newSPACE/git/The-FPGA-Programming-Handbook-Third-Edition/xdc/zu3.xdc:38]
Resolution: If [get_<value>] was used to populate the object, check to make sure this command returns at least one valid object.
WARNING: [Vivado 12-584] No ports matched 'PL_USER_SW[0]'. [D:/newSPACE/git/The-FPGA-Programming-Handbook-Third-Edition/xdc/zu3.xdc:42]
CRITICAL WARNING: [Common 17-55] 'set_property' expects at least one object. [D:/newSPACE/git/The-FPGA-Programming-Handbook-Third-Edition/xdc/zu3.xdc:42]
Resolution: If [get_<value>] was used to populate the object, check to make sure this command returns at least one valid object.
WARNING: [Vivado 12-584] No ports matched 'PL_USER_SW[1]'. [D:/newSPACE/git/The-FPGA-Programming-Handbook-Third-Edition/xdc/zu3.xdc:43]
CRITICAL WARNING: [Common 17-55] 'set_property' expects at least one object. [D:/newSPACE/git/The-FPGA-Programming-Handbook-Third-Edition/xdc/zu3.xdc:43]
Resolution: If [get_<value>] was used to populate the object, check to make sure this command returns at least one valid object.
WARNING: [Vivado 12-584] No ports matched 'PL_USER_SW[2]'. [D:/newSPACE/git/The-FPGA-Programming-Handbook-Third-Edition/xdc/zu3.xdc:44]
CRITICAL WARNING: [Common 17-55] 'set_property' expects at least one object. [D:/newSPACE/git/The-FPGA-Programming-Handbook-Third-Edition/xdc/zu3.xdc:44]
Resolution: If [get_<value>] was used to populate the object, check to make sure this command returns at least one valid object.
WARNING: [Vivado 12-584] No ports matched 'PL_USER_SW[3]'. [D:/newSPACE/git/The-FPGA-Programming-Handbook-Third-Edition/xdc/zu3.xdc:45]
CRITICAL WARNING: [Common 17-55] 'set_property' expects at least one object. [D:/newSPACE/git/The-FPGA-Programming-Handbook-Third-Edition/xdc/zu3.xdc:45]
Resolution: If [get_<value>] was used to populate the object, check to make sure this command returns at least one valid object.
WARNING: [Vivado 12-584] No ports matched 'PL_USER_SW[4]'. [D:/newSPACE/git/The-FPGA-Programming-Handbook-Third-Edition/xdc/zu3.xdc:46]
CRITICAL WARNING: [Common 17-55] 'set_property' expects at least one object. [D:/newSPACE/git/The-FPGA-Programming-Handbook-Third-Edition/xdc/zu3.xdc:46]
Resolution: If [get_<value>] was used to populate the object, check to make sure this command returns at least one valid object.
WARNING: [Vivado 12-584] No ports matched 'PL_USER_SW[5]'. [D:/newSPACE/git/The-FPGA-Programming-Handbook-Third-Edition/xdc/zu3.xdc:47]
CRITICAL WARNING: [Common 17-55] 'set_property' expects at least one object. [D:/newSPACE/git/The-FPGA-Programming-Handbook-Third-Edition/xdc/zu3.xdc:47]
Resolution: If [get_<value>] was used to populate the object, check to make sure this command returns at least one valid object.
WARNING: [Vivado 12-584] No ports matched 'PL_USER_SW[6]'. [D:/newSPACE/git/The-FPGA-Programming-Handbook-Third-Edition/xdc/zu3.xdc:48]
CRITICAL WARNING: [Common 17-55] 'set_property' expects at least one object. [D:/newSPACE/git/The-FPGA-Programming-Handbook-Third-Edition/xdc/zu3.xdc:48]
Resolution: If [get_<value>] was used to populate the object, check to make sure this command returns at least one valid object.
WARNING: [Vivado 12-584] No ports matched 'PL_USER_SW[7]'. [D:/newSPACE/git/The-FPGA-Programming-Handbook-Third-Edition/xdc/zu3.xdc:49]
CRITICAL WARNING: [Common 17-55] 'set_property' expects at least one object. [D:/newSPACE/git/The-FPGA-Programming-Handbook-Third-Edition/xdc/zu3.xdc:49]
Resolution: If [get_<value>] was used to populate the object, check to make sure this command returns at least one valid object.
WARNING: [Vivado 12-584] No ports matched 'PL_USER_SW*'. [D:/newSPACE/git/The-FPGA-Programming-Handbook-Third-Edition/xdc/zu3.xdc:50]
CRITICAL WARNING: [Common 17-55] 'set_property' expects at least one object. [D:/newSPACE/git/The-FPGA-Programming-Handbook-Third-Edition/xdc/zu3.xdc:50]
Resolution: If [get_<value>] was used to populate the object, check to make sure this command returns at least one valid object.
WARNING: [Vivado 12-584] No ports matched 'JA_tri_io[0]'. [D:/newSPACE/git/The-FPGA-Programming-Handbook-Third-Edition/xdc/zu3.xdc:54]
CRITICAL WARNING: [Common 17-55] 'set_property' expects at least one object. [D:/newSPACE/git/The-FPGA-Programming-Handbook-Third-Edition/xdc/zu3.xdc:54]
Resolution: If [get_<value>] was used to populate the object, check to make sure this command returns at least one valid object.
WARNING: [Vivado 12-584] No ports matched 'JA_tri_io[1]'. [D:/newSPACE/git/The-FPGA-Programming-Handbook-Third-Edition/xdc/zu3.xdc:55]
CRITICAL WARNING: [Common 17-55] 'set_property' expects at least one object. [D:/newSPACE/git/The-FPGA-Programming-Handbook-Third-Edition/xdc/zu3.xdc:55]
Resolution: If [get_<value>] was used to populate the object, check to make sure this command returns at least one valid object.
WARNING: [Vivado 12-584] No ports matched 'JA_tri_io[2]'. [D:/newSPACE/git/The-FPGA-Programming-Handbook-Third-Edition/xdc/zu3.xdc:56]
CRITICAL WARNING: [Common 17-55] 'set_property' expects at least one object. [D:/newSPACE/git/The-FPGA-Programming-Handbook-Third-Edition/xdc/zu3.xdc:56]
Resolution: If [get_<value>] was used to populate the object, check to make sure this command returns at least one valid object.
WARNING: [Vivado 12-584] No ports matched 'JA_tri_io[3]'. [D:/newSPACE/git/The-FPGA-Programming-Handbook-Third-Edition/xdc/zu3.xdc:57]
CRITICAL WARNING: [Common 17-55] 'set_property' expects at least one object. [D:/newSPACE/git/The-FPGA-Programming-Handbook-Third-Edition/xdc/zu3.xdc:57]
Resolution: If [get_<value>] was used to populate the object, check to make sure this command returns at least one valid object.
WARNING: [Vivado 12-584] No ports matched 'JA_tri_io[4]'. [D:/newSPACE/git/The-FPGA-Programming-Handbook-Third-Edition/xdc/zu3.xdc:58]
CRITICAL WARNING: [Common 17-55] 'set_property' expects at least one object. [D:/newSPACE/git/The-FPGA-Programming-Handbook-Third-Edition/xdc/zu3.xdc:58]
Resolution: If [get_<value>] was used to populate the object, check to make sure this command returns at least one valid object.
WARNING: [Vivado 12-584] No ports matched 'JA_tri_io[5]'. [D:/newSPACE/git/The-FPGA-Programming-Handbook-Third-Edition/xdc/zu3.xdc:59]
CRITICAL WARNING: [Common 17-55] 'set_property' expects at least one object. [D:/newSPACE/git/The-FPGA-Programming-Handbook-Third-Edition/xdc/zu3.xdc:59]
Resolution: If [get_<value>] was used to populate the object, check to make sure this command returns at least one valid object.
WARNING: [Vivado 12-584] No ports matched 'JA_tri_io[6]'. [D:/newSPACE/git/The-FPGA-Programming-Handbook-Third-Edition/xdc/zu3.xdc:60]
CRITICAL WARNING: [Common 17-55] 'set_property' expects at least one object. [D:/newSPACE/git/The-FPGA-Programming-Handbook-Third-Edition/xdc/zu3.xdc:60]
Resolution: If [get_<value>] was used to populate the object, check to make sure this command returns at least one valid object.
WARNING: [Vivado 12-584] No ports matched 'JA_tri_io[7]'. [D:/newSPACE/git/The-FPGA-Programming-Handbook-Third-Edition/xdc/zu3.xdc:61]
CRITICAL WARNING: [Common 17-55] 'set_property' expects at least one object. [D:/newSPACE/git/The-FPGA-Programming-Handbook-Third-Edition/xdc/zu3.xdc:61]
Resolution: If [get_<value>] was used to populate the object, check to make sure this command returns at least one valid object.
WARNING: [Vivado 12-584] No ports matched 'JA_tri_io*'. [D:/newSPACE/git/The-FPGA-Programming-Handbook-Third-Edition/xdc/zu3.xdc:62]
CRITICAL WARNING: [Common 17-55] 'set_property' expects at least one object. [D:/newSPACE/git/The-FPGA-Programming-Handbook-Third-Edition/xdc/zu3.xdc:62]
Resolution: If [get_<value>] was used to populate the object, check to make sure this command returns at least one valid object.
WARNING: [Vivado 12-584] No ports matched 'JB_tri_io[0]'. [D:/newSPACE/git/The-FPGA-Programming-Handbook-Third-Edition/xdc/zu3.xdc:64]
CRITICAL WARNING: [Common 17-55] 'set_property' expects at least one object. [D:/newSPACE/git/The-FPGA-Programming-Handbook-Third-Edition/xdc/zu3.xdc:64]
Resolution: If [get_<value>] was used to populate the object, check to make sure this command returns at least one valid object.
WARNING: [Vivado 12-584] No ports matched 'JB_tri_io[1]'. [D:/newSPACE/git/The-FPGA-Programming-Handbook-Third-Edition/xdc/zu3.xdc:65]
CRITICAL WARNING: [Common 17-55] 'set_property' expects at least one object. [D:/newSPACE/git/The-FPGA-Programming-Handbook-Third-Edition/xdc/zu3.xdc:65]
Resolution: If [get_<value>] was used to populate the object, check to make sure this command returns at least one valid object.
WARNING: [Vivado 12-584] No ports matched 'JB_tri_io[2]'. [D:/newSPACE/git/The-FPGA-Programming-Handbook-Third-Edition/xdc/zu3.xdc:66]
CRITICAL WARNING: [Common 17-55] 'set_property' expects at least one object. [D:/newSPACE/git/The-FPGA-Programming-Handbook-Third-Edition/xdc/zu3.xdc:66]
Resolution: If [get_<value>] was used to populate the object, check to make sure this command returns at least one valid object.
WARNING: [Vivado 12-584] No ports matched 'JB_tri_io[3]'. [D:/newSPACE/git/The-FPGA-Programming-Handbook-Third-Edition/xdc/zu3.xdc:67]
CRITICAL WARNING: [Common 17-55] 'set_property' expects at least one object. [D:/newSPACE/git/The-FPGA-Programming-Handbook-Third-Edition/xdc/zu3.xdc:67]
Resolution: If [get_<value>] was used to populate the object, check to make sure this command returns at least one valid object.
WARNING: [Vivado 12-584] No ports matched 'JB_tri_io[4]'. [D:/newSPACE/git/The-FPGA-Programming-Handbook-Third-Edition/xdc/zu3.xdc:68]
CRITICAL WARNING: [Common 17-55] 'set_property' expects at least one object. [D:/newSPACE/git/The-FPGA-Programming-Handbook-Third-Edition/xdc/zu3.xdc:68]
Resolution: If [get_<value>] was used to populate the object, check to make sure this command returns at least one valid object.
WARNING: [Vivado 12-584] No ports matched 'JB_tri_io[5]'. [D:/newSPACE/git/The-FPGA-Programming-Handbook-Third-Edition/xdc/zu3.xdc:69]
CRITICAL WARNING: [Common 17-55] 'set_property' expects at least one object. [D:/newSPACE/git/The-FPGA-Programming-Handbook-Third-Edition/xdc/zu3.xdc:69]
Resolution: If [get_<value>] was used to populate the object, check to make sure this command returns at least one valid object.
WARNING: [Vivado 12-584] No ports matched 'JB_tri_io[6]'. [D:/newSPACE/git/The-FPGA-Programming-Handbook-Third-Edition/xdc/zu3.xdc:70]
CRITICAL WARNING: [Common 17-55] 'set_property' expects at least one object. [D:/newSPACE/git/The-FPGA-Programming-Handbook-Third-Edition/xdc/zu3.xdc:70]
Resolution: If [get_<value>] was used to populate the object, check to make sure this command returns at least one valid object.
WARNING: [Vivado 12-584] No ports matched 'JB_tri_io[7]'. [D:/newSPACE/git/The-FPGA-Programming-Handbook-Third-Edition/xdc/zu3.xdc:71]
CRITICAL WARNING: [Common 17-55] 'set_property' expects at least one object. [D:/newSPACE/git/The-FPGA-Programming-Handbook-Third-Edition/xdc/zu3.xdc:71]
Resolution: If [get_<value>] was used to populate the object, check to make sure this command returns at least one valid object.
WARNING: [Vivado 12-584] No ports matched 'JB_tri_io*'. [D:/newSPACE/git/The-FPGA-Programming-Handbook-Third-Edition/xdc/zu3.xdc:72]
CRITICAL WARNING: [Common 17-55] 'set_property' expects at least one object. [D:/newSPACE/git/The-FPGA-Programming-Handbook-Third-Edition/xdc/zu3.xdc:72]
Resolution: If [get_<value>] was used to populate the object, check to make sure this command returns at least one valid object.
WARNING: [Vivado 12-584] No ports matched 'JAB_tri_io[0]'. [D:/newSPACE/git/The-FPGA-Programming-Handbook-Third-Edition/xdc/zu3.xdc:74]
CRITICAL WARNING: [Common 17-55] 'set_property' expects at least one object. [D:/newSPACE/git/The-FPGA-Programming-Handbook-Third-Edition/xdc/zu3.xdc:74]
Resolution: If [get_<value>] was used to populate the object, check to make sure this command returns at least one valid object.
WARNING: [Vivado 12-584] No ports matched 'JAB_tri_io[1]'. [D:/newSPACE/git/The-FPGA-Programming-Handbook-Third-Edition/xdc/zu3.xdc:75]
CRITICAL WARNING: [Common 17-55] 'set_property' expects at least one object. [D:/newSPACE/git/The-FPGA-Programming-Handbook-Third-Edition/xdc/zu3.xdc:75]
Resolution: If [get_<value>] was used to populate the object, check to make sure this command returns at least one valid object.
WARNING: [Vivado 12-584] No ports matched 'JAB_tri_io[2]'. [D:/newSPACE/git/The-FPGA-Programming-Handbook-Third-Edition/xdc/zu3.xdc:76]
CRITICAL WARNING: [Common 17-55] 'set_property' expects at least one object. [D:/newSPACE/git/The-FPGA-Programming-Handbook-Third-Edition/xdc/zu3.xdc:76]
Resolution: If [get_<value>] was used to populate the object, check to make sure this command returns at least one valid object.
WARNING: [Vivado 12-584] No ports matched 'JAB_tri_io[3]'. [D:/newSPACE/git/The-FPGA-Programming-Handbook-Third-Edition/xdc/zu3.xdc:77]
CRITICAL WARNING: [Common 17-55] 'set_property' expects at least one object. [D:/newSPACE/git/The-FPGA-Programming-Handbook-Third-Edition/xdc/zu3.xdc:77]
Resolution: If [get_<value>] was used to populate the object, check to make sure this command returns at least one valid object.
WARNING: [Vivado 12-584] No ports matched 'JAB_tri_io[4]'. [D:/newSPACE/git/The-FPGA-Programming-Handbook-Third-Edition/xdc/zu3.xdc:78]
CRITICAL WARNING: [Common 17-55] 'set_property' expects at least one object. [D:/newSPACE/git/The-FPGA-Programming-Handbook-Third-Edition/xdc/zu3.xdc:78]
Resolution: If [get_<value>] was used to populate the object, check to make sure this command returns at least one valid object.
WARNING: [Vivado 12-584] No ports matched 'JAB_tri_io[5]'. [D:/newSPACE/git/The-FPGA-Programming-Handbook-Third-Edition/xdc/zu3.xdc:79]
CRITICAL WARNING: [Common 17-55] 'set_property' expects at least one object. [D:/newSPACE/git/The-FPGA-Programming-Handbook-Third-Edition/xdc/zu3.xdc:79]
Resolution: If [get_<value>] was used to populate the object, check to make sure this command returns at least one valid object.
WARNING: [Vivado 12-584] No ports matched 'JAB_tri_io*'. [D:/newSPACE/git/The-FPGA-Programming-Handbook-Third-Edition/xdc/zu3.xdc:80]
CRITICAL WARNING: [Common 17-55] 'set_property' expects at least one object. [D:/newSPACE/git/The-FPGA-Programming-Handbook-Third-Edition/xdc/zu3.xdc:80]
Resolution: If [get_<value>] was used to populate the object, check to make sure this command returns at least one valid object.
WARNING: [Vivado 12-584] No ports matched 'RBP_GPIO_tri_io[0]'. [D:/newSPACE/git/The-FPGA-Programming-Handbook-Third-Edition/xdc/zu3.xdc:84]
CRITICAL WARNING: [Common 17-55] 'set_property' expects at least one object. [D:/newSPACE/git/The-FPGA-Programming-Handbook-Third-Edition/xdc/zu3.xdc:84]
Resolution: If [get_<value>] was used to populate the object, check to make sure this command returns at least one valid object.
WARNING: [Vivado 12-584] No ports matched 'RBP_GPIO_tri_io[1]'. [D:/newSPACE/git/The-FPGA-Programming-Handbook-Third-Edition/xdc/zu3.xdc:85]
CRITICAL WARNING: [Common 17-55] 'set_property' expects at least one object. [D:/newSPACE/git/The-FPGA-Programming-Handbook-Third-Edition/xdc/zu3.xdc:85]
Resolution: If [get_<value>] was used to populate the object, check to make sure this command returns at least one valid object.
WARNING: [Vivado 12-584] No ports matched 'RBP_GPIO_tri_io[2]'. [D:/newSPACE/git/The-FPGA-Programming-Handbook-Third-Edition/xdc/zu3.xdc:86]
CRITICAL WARNING: [Common 17-55] 'set_property' expects at least one object. [D:/newSPACE/git/The-FPGA-Programming-Handbook-Third-Edition/xdc/zu3.xdc:86]
Resolution: If [get_<value>] was used to populate the object, check to make sure this command returns at least one valid object.
WARNING: [Vivado 12-584] No ports matched 'RBP_GPIO_tri_io[3]'. [D:/newSPACE/git/The-FPGA-Programming-Handbook-Third-Edition/xdc/zu3.xdc:87]
CRITICAL WARNING: [Common 17-55] 'set_property' expects at least one object. [D:/newSPACE/git/The-FPGA-Programming-Handbook-Third-Edition/xdc/zu3.xdc:87]
Resolution: If [get_<value>] was used to populate the object, check to make sure this command returns at least one valid object.
WARNING: [Vivado 12-584] No ports matched 'RBP_GPIO_tri_io[4]'. [D:/newSPACE/git/The-FPGA-Programming-Handbook-Third-Edition/xdc/zu3.xdc:88]
CRITICAL WARNING: [Common 17-55] 'set_property' expects at least one object. [D:/newSPACE/git/The-FPGA-Programming-Handbook-Third-Edition/xdc/zu3.xdc:88]
Resolution: If [get_<value>] was used to populate the object, check to make sure this command returns at least one valid object.
WARNING: [Vivado 12-584] No ports matched 'RBP_GPIO_tri_io[5]'. [D:/newSPACE/git/The-FPGA-Programming-Handbook-Third-Edition/xdc/zu3.xdc:89]
CRITICAL WARNING: [Common 17-55] 'set_property' expects at least one object. [D:/newSPACE/git/The-FPGA-Programming-Handbook-Third-Edition/xdc/zu3.xdc:89]
Resolution: If [get_<value>] was used to populate the object, check to make sure this command returns at least one valid object.
WARNING: [Vivado 12-584] No ports matched 'RBP_GPIO_tri_io[6]'. [D:/newSPACE/git/The-FPGA-Programming-Handbook-Third-Edition/xdc/zu3.xdc:90]
CRITICAL WARNING: [Common 17-55] 'set_property' expects at least one object. [D:/newSPACE/git/The-FPGA-Programming-Handbook-Third-Edition/xdc/zu3.xdc:90]
Resolution: If [get_<value>] was used to populate the object, check to make sure this command returns at least one valid object.
WARNING: [Vivado 12-584] No ports matched 'RBP_GPIO_tri_io[7]'. [D:/newSPACE/git/The-FPGA-Programming-Handbook-Third-Edition/xdc/zu3.xdc:91]
CRITICAL WARNING: [Common 17-55] 'set_property' expects at least one object. [D:/newSPACE/git/The-FPGA-Programming-Handbook-Third-Edition/xdc/zu3.xdc:91]
Resolution: If [get_<value>] was used to populate the object, check to make sure this command returns at least one valid object.
WARNING: [Vivado 12-584] No ports matched 'RBP_GPIO_tri_io[8]'. [D:/newSPACE/git/The-FPGA-Programming-Handbook-Third-Edition/xdc/zu3.xdc:92]
CRITICAL WARNING: [Common 17-55] 'set_property' expects at least one object. [D:/newSPACE/git/The-FPGA-Programming-Handbook-Third-Edition/xdc/zu3.xdc:92]
Resolution: If [get_<value>] was used to populate the object, check to make sure this command returns at least one valid object.
WARNING: [Vivado 12-584] No ports matched 'RBP_GPIO_tri_io[9]'. [D:/newSPACE/git/The-FPGA-Programming-Handbook-Third-Edition/xdc/zu3.xdc:93]
CRITICAL WARNING: [Common 17-55] 'set_property' expects at least one object. [D:/newSPACE/git/The-FPGA-Programming-Handbook-Third-Edition/xdc/zu3.xdc:93]
Resolution: If [get_<value>] was used to populate the object, check to make sure this command returns at least one valid object.
WARNING: [Vivado 12-584] No ports matched 'RBP_GPIO_tri_io[10]'. [D:/newSPACE/git/The-FPGA-Programming-Handbook-Third-Edition/xdc/zu3.xdc:94]
CRITICAL WARNING: [Common 17-55] 'set_property' expects at least one object. [D:/newSPACE/git/The-FPGA-Programming-Handbook-Third-Edition/xdc/zu3.xdc:94]
Resolution: If [get_<value>] was used to populate the object, check to make sure this command returns at least one valid object.
WARNING: [Vivado 12-584] No ports matched 'RBP_GPIO_tri_io[11]'. [D:/newSPACE/git/The-FPGA-Programming-Handbook-Third-Edition/xdc/zu3.xdc:95]
CRITICAL WARNING: [Common 17-55] 'set_property' expects at least one object. [D:/newSPACE/git/The-FPGA-Programming-Handbook-Third-Edition/xdc/zu3.xdc:95]
Resolution: If [get_<value>] was used to populate the object, check to make sure this command returns at least one valid object.
WARNING: [Vivado 12-584] No ports matched 'RBP_GPIO_tri_io[12]'. [D:/newSPACE/git/The-FPGA-Programming-Handbook-Third-Edition/xdc/zu3.xdc:96]
CRITICAL WARNING: [Common 17-55] 'set_property' expects at least one object. [D:/newSPACE/git/The-FPGA-Programming-Handbook-Third-Edition/xdc/zu3.xdc:96]
Resolution: If [get_<value>] was used to populate the object, check to make sure this command returns at least one valid object.
WARNING: [Vivado 12-584] No ports matched 'RBP_GPIO_tri_io[13]'. [D:/newSPACE/git/The-FPGA-Programming-Handbook-Third-Edition/xdc/zu3.xdc:97]
CRITICAL WARNING: [Common 17-55] 'set_property' expects at least one object. [D:/newSPACE/git/The-FPGA-Programming-Handbook-Third-Edition/xdc/zu3.xdc:97]
Resolution: If [get_<value>] was used to populate the object, check to make sure this command returns at least one valid object.
WARNING: [Vivado 12-584] No ports matched 'RBP_GPIO_tri_io[14]'. [D:/newSPACE/git/The-FPGA-Programming-Handbook-Third-Edition/xdc/zu3.xdc:98]
CRITICAL WARNING: [Common 17-55] 'set_property' expects at least one object. [D:/newSPACE/git/The-FPGA-Programming-Handbook-Third-Edition/xdc/zu3.xdc:98]
Resolution: If [get_<value>] was used to populate the object, check to make sure this command returns at least one valid object.
WARNING: [Vivado 12-584] No ports matched 'RBP_GPIO_tri_io[15]'. [D:/newSPACE/git/The-FPGA-Programming-Handbook-Third-Edition/xdc/zu3.xdc:99]
CRITICAL WARNING: [Common 17-55] 'set_property' expects at least one object. [D:/newSPACE/git/The-FPGA-Programming-Handbook-Third-Edition/xdc/zu3.xdc:99]
Resolution: If [get_<value>] was used to populate the object, check to make sure this command returns at least one valid object.
WARNING: [Vivado 12-584] No ports matched 'RBP_GPIO_tri_io[16]'. [D:/newSPACE/git/The-FPGA-Programming-Handbook-Third-Edition/xdc/zu3.xdc:100]
CRITICAL WARNING: [Common 17-55] 'set_property' expects at least one object. [D:/newSPACE/git/The-FPGA-Programming-Handbook-Third-Edition/xdc/zu3.xdc:100]
Resolution: If [get_<value>] was used to populate the object, check to make sure this command returns at least one valid object.
WARNING: [Vivado 12-584] No ports matched 'RBP_GPIO_tri_io[17]'. [D:/newSPACE/git/The-FPGA-Programming-Handbook-Third-Edition/xdc/zu3.xdc:101]
CRITICAL WARNING: [Common 17-55] 'set_property' expects at least one object. [D:/newSPACE/git/The-FPGA-Programming-Handbook-Third-Edition/xdc/zu3.xdc:101]
Resolution: If [get_<value>] was used to populate the object, check to make sure this command returns at least one valid object.
WARNING: [Vivado 12-584] No ports matched 'RBP_GPIO_tri_io[18]'. [D:/newSPACE/git/The-FPGA-Programming-Handbook-Third-Edition/xdc/zu3.xdc:102]
CRITICAL WARNING: [Common 17-55] 'set_property' expects at least one object. [D:/newSPACE/git/The-FPGA-Programming-Handbook-Third-Edition/xdc/zu3.xdc:102]
Resolution: If [get_<value>] was used to populate the object, check to make sure this command returns at least one valid object.
WARNING: [Vivado 12-584] No ports matched 'RBP_GPIO_tri_io[19]'. [D:/newSPACE/git/The-FPGA-Programming-Handbook-Third-Edition/xdc/zu3.xdc:103]
CRITICAL WARNING: [Common 17-55] 'set_property' expects at least one object. [D:/newSPACE/git/The-FPGA-Programming-Handbook-Third-Edition/xdc/zu3.xdc:103]
Resolution: If [get_<value>] was used to populate the object, check to make sure this command returns at least one valid object.
WARNING: [Vivado 12-584] No ports matched 'RBP_GPIO_tri_io[20]'. [D:/newSPACE/git/The-FPGA-Programming-Handbook-Third-Edition/xdc/zu3.xdc:104]
CRITICAL WARNING: [Common 17-55] 'set_property' expects at least one object. [D:/newSPACE/git/The-FPGA-Programming-Handbook-Third-Edition/xdc/zu3.xdc:104]
Resolution: If [get_<value>] was used to populate the object, check to make sure this command returns at least one valid object.
WARNING: [Vivado 12-584] No ports matched 'RBP_GPIO_tri_io[21]'. [D:/newSPACE/git/The-FPGA-Programming-Handbook-Third-Edition/xdc/zu3.xdc:105]
CRITICAL WARNING: [Common 17-55] 'set_property' expects at least one object. [D:/newSPACE/git/The-FPGA-Programming-Handbook-Third-Edition/xdc/zu3.xdc:105]
Resolution: If [get_<value>] was used to populate the object, check to make sure this command returns at least one valid object.
WARNING: [Vivado 12-584] No ports matched 'RBP_GPIO_tri_io[22]'. [D:/newSPACE/git/The-FPGA-Programming-Handbook-Third-Edition/xdc/zu3.xdc:106]
CRITICAL WARNING: [Common 17-55] 'set_property' expects at least one object. [D:/newSPACE/git/The-FPGA-Programming-Handbook-Third-Edition/xdc/zu3.xdc:106]
Resolution: If [get_<value>] was used to populate the object, check to make sure this command returns at least one valid object.
WARNING: [Vivado 12-584] No ports matched 'RBP_GPIO_tri_io[23]'. [D:/newSPACE/git/The-FPGA-Programming-Handbook-Third-Edition/xdc/zu3.xdc:107]
CRITICAL WARNING: [Common 17-55] 'set_property' expects at least one object. [D:/newSPACE/git/The-FPGA-Programming-Handbook-Third-Edition/xdc/zu3.xdc:107]
Resolution: If [get_<value>] was used to populate the object, check to make sure this command returns at least one valid object.
WARNING: [Vivado 12-584] No ports matched 'RBP_GPIO_tri_io[24]'. [D:/newSPACE/git/The-FPGA-Programming-Handbook-Third-Edition/xdc/zu3.xdc:108]
CRITICAL WARNING: [Common 17-55] 'set_property' expects at least one object. [D:/newSPACE/git/The-FPGA-Programming-Handbook-Third-Edition/xdc/zu3.xdc:108]
Resolution: If [get_<value>] was used to populate the object, check to make sure this command returns at least one valid object.
WARNING: [Vivado 12-584] No ports matched 'RBP_GPIO_tri_io[25]'. [D:/newSPACE/git/The-FPGA-Programming-Handbook-Third-Edition/xdc/zu3.xdc:109]
CRITICAL WARNING: [Common 17-55] 'set_property' expects at least one object. [D:/newSPACE/git/The-FPGA-Programming-Handbook-Third-Edition/xdc/zu3.xdc:109]
Resolution: If [get_<value>] was used to populate the object, check to make sure this command returns at least one valid object.
WARNING: [Vivado 12-584] No ports matched 'RBP_GPIO_tri_io[26]'. [D:/newSPACE/git/The-FPGA-Programming-Handbook-Third-Edition/xdc/zu3.xdc:110]
CRITICAL WARNING: [Common 17-55] 'set_property' expects at least one object. [D:/newSPACE/git/The-FPGA-Programming-Handbook-Third-Edition/xdc/zu3.xdc:110]
Resolution: If [get_<value>] was used to populate the object, check to make sure this command returns at least one valid object.
WARNING: [Vivado 12-584] No ports matched 'RBP_GPIO_tri_io[27]'. [D:/newSPACE/git/The-FPGA-Programming-Handbook-Third-Edition/xdc/zu3.xdc:111]
CRITICAL WARNING: [Common 17-55] 'set_property' expects at least one object. [D:/newSPACE/git/The-FPGA-Programming-Handbook-Third-Edition/xdc/zu3.xdc:111]
Resolution: If [get_<value>] was used to populate the object, check to make sure this command returns at least one valid object.
WARNING: [Vivado 12-584] No ports matched 'RBP_GPIO_tri_io*'. [D:/newSPACE/git/The-FPGA-Programming-Handbook-Third-Edition/xdc/zu3.xdc:112]
CRITICAL WARNING: [Common 17-55] 'set_property' expects at least one object. [D:/newSPACE/git/The-FPGA-Programming-Handbook-Third-Edition/xdc/zu3.xdc:112]
Resolution: If [get_<value>] was used to populate the object, check to make sure this command returns at least one valid object.
WARNING: [Vivado 12-584] No ports matched 'PL_GRV_tri_io[0]'. [D:/newSPACE/git/The-FPGA-Programming-Handbook-Third-Edition/xdc/zu3.xdc:116]
CRITICAL WARNING: [Common 17-55] 'set_property' expects at least one object. [D:/newSPACE/git/The-FPGA-Programming-Handbook-Third-Edition/xdc/zu3.xdc:116]
Resolution: If [get_<value>] was used to populate the object, check to make sure this command returns at least one valid object.
WARNING: [Vivado 12-584] No ports matched 'PL_GRV_tri_io[1]'. [D:/newSPACE/git/The-FPGA-Programming-Handbook-Third-Edition/xdc/zu3.xdc:117]
CRITICAL WARNING: [Common 17-55] 'set_property' expects at least one object. [D:/newSPACE/git/The-FPGA-Programming-Handbook-Third-Edition/xdc/zu3.xdc:117]
Resolution: If [get_<value>] was used to populate the object, check to make sure this command returns at least one valid object.
WARNING: [Vivado 12-584] No ports matched 'PL_GRV_tri_io[2]'. [D:/newSPACE/git/The-FPGA-Programming-Handbook-Third-Edition/xdc/zu3.xdc:118]
CRITICAL WARNING: [Common 17-55] 'set_property' expects at least one object. [D:/newSPACE/git/The-FPGA-Programming-Handbook-Third-Edition/xdc/zu3.xdc:118]
Resolution: If [get_<value>] was used to populate the object, check to make sure this command returns at least one valid object.
WARNING: [Vivado 12-584] No ports matched 'PL_GRV_tri_io[3]'. [D:/newSPACE/git/The-FPGA-Programming-Handbook-Third-Edition/xdc/zu3.xdc:119]
CRITICAL WARNING: [Common 17-55] 'set_property' expects at least one object. [D:/newSPACE/git/The-FPGA-Programming-Handbook-Third-Edition/xdc/zu3.xdc:119]
Resolution: If [get_<value>] was used to populate the object, check to make sure this command returns at least one valid object.
WARNING: [Vivado 12-584] No ports matched 'PL_GRV*'. [D:/newSPACE/git/The-FPGA-Programming-Handbook-Third-Edition/xdc/zu3.xdc:120]
CRITICAL WARNING: [Common 17-55] 'set_property' expects at least one object. [D:/newSPACE/git/The-FPGA-Programming-Handbook-Third-Edition/xdc/zu3.xdc:120]
Resolution: If [get_<value>] was used to populate the object, check to make sure this command returns at least one valid object.
WARNING: [Vivado 12-584] No ports matched 'SERVO[0]'. [D:/newSPACE/git/The-FPGA-Programming-Handbook-Third-Edition/xdc/zu3.xdc:124]
CRITICAL WARNING: [Common 17-55] 'set_property' expects at least one object. [D:/newSPACE/git/The-FPGA-Programming-Handbook-Third-Edition/xdc/zu3.xdc:124]
Resolution: If [get_<value>] was used to populate the object, check to make sure this command returns at least one valid object.
WARNING: [Vivado 12-584] No ports matched 'SERVO[1]'. [D:/newSPACE/git/The-FPGA-Programming-Handbook-Third-Edition/xdc/zu3.xdc:125]
CRITICAL WARNING: [Common 17-55] 'set_property' expects at least one object. [D:/newSPACE/git/The-FPGA-Programming-Handbook-Third-Edition/xdc/zu3.xdc:125]
Resolution: If [get_<value>] was used to populate the object, check to make sure this command returns at least one valid object.
WARNING: [Vivado 12-584] No ports matched 'SERVO[2]'. [D:/newSPACE/git/The-FPGA-Programming-Handbook-Third-Edition/xdc/zu3.xdc:126]
CRITICAL WARNING: [Common 17-55] 'set_property' expects at least one object. [D:/newSPACE/git/The-FPGA-Programming-Handbook-Third-Edition/xdc/zu3.xdc:126]
Resolution: If [get_<value>] was used to populate the object, check to make sure this command returns at least one valid object.
WARNING: [Vivado 12-584] No ports matched 'SERVO[3]'. [D:/newSPACE/git/The-FPGA-Programming-Handbook-Third-Edition/xdc/zu3.xdc:127]
CRITICAL WARNING: [Common 17-55] 'set_property' expects at least one object. [D:/newSPACE/git/The-FPGA-Programming-Handbook-Third-Edition/xdc/zu3.xdc:127]
Resolution: If [get_<value>] was used to populate the object, check to make sure this command returns at least one valid object.
WARNING: [Vivado 12-584] No ports matched 'SERVO*'. [D:/newSPACE/git/The-FPGA-Programming-Handbook-Third-Edition/xdc/zu3.xdc:128]
INFO: [Common 17-14] Message 'Vivado 12-584' appears 100 times and further instances of the messages will be disabled. Use the Tcl command set_msg_config to change the current settings. [D:/newSPACE/git/The-FPGA-Programming-Handbook-Third-Edition/xdc/zu3.xdc:128]
CRITICAL WARNING: [Common 17-55] 'set_property' expects at least one object. [D:/newSPACE/git/The-FPGA-Programming-Handbook-Third-Edition/xdc/zu3.xdc:128]
Resolution: If [get_<value>] was used to populate the object, check to make sure this command returns at least one valid object.
Finished Parsing XDC File [D:/newSPACE/git/The-FPGA-Programming-Handbook-Third-Edition/xdc/zu3.xdc]
Completed Processing XDC Constraints

Netlist sorting complete. Time (s): cpu = 00:00:00 ; elapsed = 00:00:00 . Memory (MB): peak = 2010.695 ; gain = 0.000
INFO: [Project 1-111] Unisim Transformation Summary:
No Unisim elements were transformed.

Constraint Validation Runtime : Time (s): cpu = 00:00:00 ; elapsed = 00:00:00.017 . Memory (MB): peak = 2010.695 ; gain = 0.000
INFO: [Designutils 20-5008] Incremental synthesis strategy off
---------------------------------------------------------------------------------
Finished Constraint Validation : Time (s): cpu = 00:00:13 ; elapsed = 00:00:15 . Memory (MB): peak = 2010.695 ; gain = 341.570
---------------------------------------------------------------------------------
---------------------------------------------------------------------------------
Start Loading Part and Timing Information
---------------------------------------------------------------------------------
Loading part: xczu3eg-sfvc784-2-e
INFO: [Synth 8-6742] Reading net delay rules and data
---------------------------------------------------------------------------------
Finished Loading Part and Timing Information : Time (s): cpu = 00:00:13 ; elapsed = 00:00:15 . Memory (MB): peak = 2010.695 ; gain = 341.570
---------------------------------------------------------------------------------
---------------------------------------------------------------------------------
Start Applying 'set_property' XDC Constraints
---------------------------------------------------------------------------------
---------------------------------------------------------------------------------
Finished applying 'set_property' XDC Constraints : Time (s): cpu = 00:00:13 ; elapsed = 00:00:15 . Memory (MB): peak = 2010.695 ; gain = 341.570
---------------------------------------------------------------------------------
---------------------------------------------------------------------------------
Finished RTL Optimization Phase 2 : Time (s): cpu = 00:00:13 ; elapsed = 00:00:15 . Memory (MB): peak = 2010.695 ; gain = 341.570
---------------------------------------------------------------------------------
---------------------------------------------------------------------------------
Start RTL Component Statistics 
---------------------------------------------------------------------------------
Detailed RTL Component Info : 
+---Registers : 
	                1 Bit    Registers := 2     
---------------------------------------------------------------------------------
Finished RTL Component Statistics 
---------------------------------------------------------------------------------
---------------------------------------------------------------------------------
Start Part Resource Summary
---------------------------------------------------------------------------------
Part Resources:
DSPs: 360 (col length:72)
BRAMs: 432 (col length: RAMB18 72 RAMB36 36)
---------------------------------------------------------------------------------
Finished Part Resource Summary
---------------------------------------------------------------------------------
---------------------------------------------------------------------------------
Start Cross Boundary and Area Optimization
---------------------------------------------------------------------------------
---------------------------------------------------------------------------------
Finished Cross Boundary and Area Optimization : Time (s): cpu = 00:00:14 ; elapsed = 00:00:17 . Memory (MB): peak = 2010.695 ; gain = 341.570
---------------------------------------------------------------------------------
---------------------------------------------------------------------------------
Start Applying XDC Timing Constraints
---------------------------------------------------------------------------------
---------------------------------------------------------------------------------
Finished Applying XDC Timing Constraints : Time (s): cpu = 00:00:23 ; elapsed = 00:00:26 . Memory (MB): peak = 2711.375 ; gain = 1042.250
---------------------------------------------------------------------------------
---------------------------------------------------------------------------------
Start Timing Optimization
---------------------------------------------------------------------------------
---------------------------------------------------------------------------------
Finished Timing Optimization : Time (s): cpu = 00:00:23 ; elapsed = 00:00:26 . Memory (MB): peak = 2711.375 ; gain = 1042.250
---------------------------------------------------------------------------------
---------------------------------------------------------------------------------
Start Technology Mapping
---------------------------------------------------------------------------------
---------------------------------------------------------------------------------
Finished Technology Mapping : Time (s): cpu = 00:00:23 ; elapsed = 00:00:26 . Memory (MB): peak = 2720.949 ; gain = 1051.824
---------------------------------------------------------------------------------
---------------------------------------------------------------------------------
Start IO Insertion
---------------------------------------------------------------------------------
---------------------------------------------------------------------------------
Start Flattening Before IO Insertion
---------------------------------------------------------------------------------
---------------------------------------------------------------------------------
Finished Flattening Before IO Insertion
---------------------------------------------------------------------------------
---------------------------------------------------------------------------------
Start Final Netlist Cleanup
---------------------------------------------------------------------------------
---------------------------------------------------------------------------------
Finished Final Netlist Cleanup
---------------------------------------------------------------------------------
---------------------------------------------------------------------------------
Finished IO Insertion : Time (s): cpu = 00:00:26 ; elapsed = 00:00:29 . Memory (MB): peak = 2971.777 ; gain = 1302.652
---------------------------------------------------------------------------------
---------------------------------------------------------------------------------
Start Renaming Generated Instances
---------------------------------------------------------------------------------
---------------------------------------------------------------------------------
Finished Renaming Generated Instances : Time (s): cpu = 00:00:26 ; elapsed = 00:00:29 . Memory (MB): peak = 2971.777 ; gain = 1302.652
---------------------------------------------------------------------------------
---------------------------------------------------------------------------------
Start Rebuilding User Hierarchy
---------------------------------------------------------------------------------
---------------------------------------------------------------------------------
Finished Rebuilding User Hierarchy : Time (s): cpu = 00:00:26 ; elapsed = 00:00:29 . Memory (MB): peak = 2971.777 ; gain = 1302.652
---------------------------------------------------------------------------------
---------------------------------------------------------------------------------
Start Renaming Generated Ports
---------------------------------------------------------------------------------
---------------------------------------------------------------------------------
Finished Renaming Generated Ports : Time (s): cpu = 00:00:26 ; elapsed = 00:00:29 . Memory (MB): peak = 2971.777 ; gain = 1302.652
---------------------------------------------------------------------------------
---------------------------------------------------------------------------------
Start Handling Custom Attributes
---------------------------------------------------------------------------------
---------------------------------------------------------------------------------
Finished Handling Custom Attributes : Time (s): cpu = 00:00:26 ; elapsed = 00:00:29 . Memory (MB): peak = 2971.777 ; gain = 1302.652
---------------------------------------------------------------------------------
---------------------------------------------------------------------------------
Start Renaming Generated Nets
---------------------------------------------------------------------------------
---------------------------------------------------------------------------------
Finished Renaming Generated Nets : Time (s): cpu = 00:00:26 ; elapsed = 00:00:29 . Memory (MB): peak = 2971.777 ; gain = 1302.652
---------------------------------------------------------------------------------
---------------------------------------------------------------------------------
Start Writing Synthesis Report
---------------------------------------------------------------------------------

Report BlackBoxes: 
+-+--------------+----------+
| |BlackBox name |Instances |
+-+--------------+----------+
+-+--------------+----------+

Report Cell Usage: 
+------+-----+------+
|      |Cell |Count |
+------+-----+------+
|1     |BUFG |     1|
|2     |FDRE |     2|
|3     |IBUF |     2|
|4     |OBUF |     1|
+------+-----+------+
---------------------------------------------------------------------------------
Finished Writing Synthesis Report : Time (s): cpu = 00:00:26 ; elapsed = 00:00:29 . Memory (MB): peak = 2971.777 ; gain = 1302.652
---------------------------------------------------------------------------------
Synthesis finished with 0 errors, 0 critical warnings and 0 warnings.
Synthesis Optimization Runtime : Time (s): cpu = 00:00:18 ; elapsed = 00:00:28 . Memory (MB): peak = 2971.777 ; gain = 1285.730
Synthesis Optimization Complete : Time (s): cpu = 00:00:26 ; elapsed = 00:00:30 . Memory (MB): peak = 2971.777 ; gain = 1302.652
INFO: [Project 1-571] Translating synthesized netlist
Netlist sorting complete. Time (s): cpu = 00:00:00 ; elapsed = 00:00:00 . Memory (MB): peak = 2971.777 ; gain = 0.000
INFO: [Netlist 29-17] Analyzing 3 Unisim elements for replacement
INFO: [Netlist 29-28] Unisim Transformation completed in 0 CPU seconds
INFO: [Project 1-570] Preparing netlist for logic optimization
INFO: [Opt 31-138] Pushed 0 inverter(s) to 0 load pin(s).
Netlist sorting complete. Time (s): cpu = 00:00:00 ; elapsed = 00:00:00 . Memory (MB): peak = 2971.777 ; gain = 0.000
INFO: [Project 1-111] Unisim Transformation Summary:
  A total of 3 instances were transformed.
  BUFG => BUFGCE: 1 instance 
  IBUF => IBUF (IBUFCTRL, INBUF): 2 instances

Synth Design complete | Checksum: 2a7723ce
INFO: [Common 17-83] Releasing license: Synthesis
19 Infos, 100 Warnings, 100 Critical Warnings and 0 Errors encountered.
synth_design completed successfully
synth_design: Time (s): cpu = 00:00:33 ; elapsed = 00:00:39 . Memory (MB): peak = 2971.777 ; gain = 2309.801
INFO: [runtcl-6] Synthesis results are not added to the cache due to CRITICAL_WARNING
Write ShapeDB Complete: Time (s): cpu = 00:00:00 ; elapsed = 00:00:00.001 . Memory (MB): peak = 2971.777 ; gain = 0.000
INFO: [Common 17-1381] The checkpoint 'D:/newSPACE/git/The-FPGA-Programming-Handbook-Third-Edition/CH06/SystemVerilog/blocking/build/blocking.runs/synth_1/blocking.dcp' has been generated.
INFO: [Vivado 12-24828] Executing command : report_utilization -file blocking_utilization_synth.rpt -pb blocking_utilization_synth.pb
INFO: [Common 17-206] Exiting Vivado at Tue Aug 18 08:04:09 2026...
